[12887:12901:0924/010048.524447:ERROR:dbus/bus.cc:405] Failed to connect to the bus: Could not parse server address: Unknown address type (examples of valid types are "tcp" and on UNIX "unix")
[12887:12901:0924/010048.552596:ERROR:dbus/bus.cc:405] Failed to connect to the bus: Could not parse server address: Unknown address type (examples of valid types are "tcp" and on UNIX "unix")

DevTools listening on ws://127.0.0.1:39941/devtools/browser/f89689dc-ac8f-473c-b456-cbd7f927aaba
[12918:12918:0924/010048.570736:ERROR:base/memory/shared_memory_switch.cc:289] Failed global descriptor lookup: 7
[12887:12901:0924/010048.592645:ERROR:dbus/bus.cc:405] Failed to connect to the bus: Could not parse server address: Unknown address type (examples of valid types are "tcp" and on UNIX "unix")
[12887:12901:0924/010048.608795:ERROR:dbus/bus.cc:405] Failed to connect to the bus: Could not parse server address: Unknown address type (examples of valid types are "tcp" and on UNIX "unix")
[12887:12901:0924/010048.608818:ERROR:dbus/bus.cc:405] Failed to connect to the bus: Could not parse server address: Unknown address type (examples of valid types are "tcp" and on UNIX "unix")
[12887:12887:0924/010048.703904:ERROR:dbus/object_proxy.cc:572] Failed to call method: org.freedesktop.DBus.NameHasOwner: object_path= /org/freedesktop/DBus: unknown error type: 
[12887:12901:0924/010048.704998:ERROR:dbus/bus.cc:405] Failed to connect to the bus: Could not parse server address: Unknown address type (examples of valid types are "tcp" and on UNIX "unix")
[12887:12887:0924/010048.705295:ERROR:dbus/object_proxy.cc:572] Failed to call method: org.freedesktop.DBus.NameHasOwner: object_path= /org/freedesktop/DBus: unknown error type: 
[12887:12887:0924/010048.712096:ERROR:dbus/object_proxy.cc:572] Failed to call method: org.freedesktop.DBus.NameHasOwner: object_path= /org/freedesktop/DBus: unknown error type: 
[12887:12901:0924/010048.713651:ERROR:dbus/bus.cc:405] Failed to connect to the bus: Could not parse server address: Unknown address type (examples of valid types are "tcp" and on UNIX "unix")
[12887:12887:0924/010048.725074:ERROR:dbus/object_proxy.cc:572] Failed to call method: org.freedesktop.DBus.NameHasOwner: object_path= /org/freedesktop/DBus: unknown error type: 
[12887:12887:0924/010048.728604:ERROR:dbus/object_proxy.cc:572] Failed to call method: org.freedesktop.DBus.NameHasOwner: object_path= /org/freedesktop/DBus: unknown error type: 
[12887:12901:0924/010048.728981:ERROR:dbus/bus.cc:405] Failed to connect to the bus: Could not parse server address: Unknown address type (examples of valid types are "tcp" and on UNIX "unix")
[12887:12887:0924/010048.736039:ERROR:dbus/object_proxy.cc:572] Failed to call method: org.freedesktop.DBus.NameHasOwner: object_path= /org/freedesktop/DBus: unknown error type: 
[12887:12901:0924/010048.736108:ERROR:dbus/bus.cc:405] Failed to connect to the bus: Could not parse server address: Unknown address type (examples of valid types are "tcp" and on UNIX "unix")
[12887:12887:0924/010048.741306:ERROR:dbus/object_proxy.cc:572] Failed to call method: org.freedesktop.DBus.NameHasOwner: object_path= /org/freedesktop/DBus: unknown error type: 
[12887:12901:0924/010048.741549:ERROR:dbus/bus.cc:405] Failed to connect to the bus: Could not parse server address: Unknown address type (examples of valid types are "tcp" and on UNIX "unix")
[12887:12887:0924/010048.743506:ERROR:dbus/object_proxy.cc:572] Failed to call method: org.freedesktop.DBus.NameHasOwner: object_path= /org/freedesktop/DBus: unknown error type: 
[12887:12887:0924/010048.743524:WARNING:ui/base/idle/idle_linux.cc:111] None of the known D-Bus ScreenSaver services could be used.
[nm-host] 2026/09/24 01:00:48.790512 nm-host start pid=12987 origin="chrome-extension://aghlljmggamhjpkcngogikkiohnaaiha/" args=["chrome-extension://aghlljmggamhjpkcngogikkiohnaaiha/"]
[nm-host] 2026/09/24 01:00:48.790711 connected to app at /home/runner/work/web-cli/web-cli/scripts/e2e/out-real/ipc.sock
[12887:12887:0924/010048.791602:INFO:CONSOLE:20] "[web-cli] pong received from app {"from":"app"}", source: chrome-extension://aghlljmggamhjpkcngogikkiohnaaiha/background.js (20)
[nm-host] 2026/09/24 01:00:51.814810 bridge stopped: browser closed stdin (port disconnected)
